This file contains any messages produced by compilers while
running configure, to aid debugging if configure makes a mistake.

It was created by LALSuite configure 7.26.2, which was
generated by GNU Autoconf 2.72.  Invocation command line was

  $ ./configure --enable-swig-python --disable-laldetchar --enable-mpi=yes --enable-hdf5

## --------- ##
## Platform. ##
## --------- ##

hostname = omkar-IdeaPad-5-15ITL05-Ua
uname -m = x86_64
uname -r = 6.8.0-90-generic
uname -s = Linux
uname -v = #91~22.04.1-Ubuntu SMP PREEMPT_DYNAMIC Thu Nov 20 15:20:45 UTC 2

/usr/bin/uname -p = x86_64
/bin/uname -X     = unknown

/bin/arch              = x86_64
/usr/bin/arch -k       = unknown
/usr/convex/getsysinfo = unknown
/usr/bin/hostinfo      = unknown
/bin/machine           = unknown
/usr/bin/oslevel       = unknown
/bin/universe          = unknown

PATH: /home/omkar/miniconda3/envs/lalsuite-dev/bin/
PATH: /home/omkar/miniconda3/condabin/
PATH: /home/omkar/.local/bin/
PATH: /usr/local/sbin/
PATH: /usr/local/bin/
PATH: /usr/sbin/
PATH: /usr/bin/
PATH: /sbin/
PATH: /bin/
PATH: /usr/games/
PATH: /usr/local/games/
PATH: /snap/bin/
PATH: /snap/bin/


## ----------- ##
## Core tests. ##
## ----------- ##

configure:1900: looking for aux files: missing install-sh
configure:1913:  trying ./gnuscripts/
configure:1942:   ./gnuscripts/missing found
configure:1924:   ./gnuscripts/install-sh found
configure:2095: checking for a BSD-compatible install
configure:2169: result: /usr/bin/install -c
configure:2180: checking whether sleep supports fractional seconds
configure:2196: result: yes
configure:2199: checking filesystem timestamp resolution
configure:2334: result: 0.01
configure:2339: checking whether build environment is sane
configure:2380: result: yes
configure:2551: checking for a race-free mkdir -p
configure:2594: result: /usr/bin/mkdir -p
configure:2601: checking for gawk
configure:2637: result: no
configure:2601: checking for mawk
configure:2622: found /usr/bin/mawk
configure:2634: result: mawk
configure:2645: checking whether make sets $(MAKE)
configure:2669: result: yes
configure:2695: checking whether make supports nested variables
configure:2714: result: yes
configure:2728: checking xargs -n works
configure:2744: result: yes
configure:2819: checking how to create a pax tar archive
configure:2830: tar --version
tar (GNU tar) 1.34
Copyright (C) 2021 Free Software Foundation, Inc.
License GPLv3+: GNU GPL version 3 or later <https://gnu.org/licenses/gpl.html>.
This is free software: you are free to change and redistribute it.
There is NO WARRANTY, to the extent permitted by law.

Written by John Gilmore and Jay Fenlason.
configure:2833: $? = 0
configure:2873: tardir=conftest.dir && eval tar --format=posix -chf - "$tardir" >conftest.tar
configure:2876: $? = 0
configure:2880: tar -xf - <conftest.tar
configure:2883: $? = 0
configure:2885: cat conftest.dir/file
GrepMe
configure:2888: $? = 0
configure:2903: result: gnutar
configure:2981: checking for gawk
configure:3014: result: mawk
configure:3025: checking for a sed that does not truncate output
configure:3097: result: /usr/bin/sed
configure:3232: checking for a Python interpreter with version >= 3.6
configure:3250: python -c import sys # split strings by '.' and convert to numeric. Append some zeros # because we need at least 4 digits for the hex conversion. # map returns an iterator in Python 3.0 and a list in 2.x minver = list(map(int, '3.6'.split('.'))) + [0, 0, 0] minverhex = 0 # xrange is not present in Python 3.0 and range returns an iterator for i in list(range(0, 4)): minverhex = (minverhex << 8) + minver[i] sys.exit(sys.hexversion < minverhex)
configure:3253: $? = 0
configure:3261: result: python
configure:3269: checking for python
configure:3292: found /home/omkar/miniconda3/envs/lalsuite-dev/bin/python
configure:3305: result: /home/omkar/miniconda3/envs/lalsuite-dev/bin/python
configure:3334: checking for python version
configure:3343: result: 3.13
configure:3348: checking for python platform
configure:3357: result: linux
configure:3420: checking for GNU default python prefix
configure:3422: result: ${prefix}
configure:3490: checking for GNU default python exec_prefix
configure:3492: result: ${exec_prefix}
configure:3539: checking for python script directory (pythondir)
configure:3579: result: ${PYTHON_PREFIX}/lib/python3.13/site-packages
configure:3587: checking for python extension module directory (pyexecdir)
configure:3627: result: ${PYTHON_EXEC_PREFIX}/lib/python3.13/site-packages
configure:3693: added HAVE_PYTHON=true to TESTS_ENV_CONFIG_VARS
configure:3734: checking for git
configure:3757: found /usr/bin/git
configure:3770: result: /usr/bin/git
configure:3787: checking whether building from a git repository
configure:3798: result: yes
configure:4201: LALFRAME_DATA_PATH=$(abs_top_srcdir)/../lal/lib:$(abs_top_srcdir)/../lal/test:$(abs_top_srcdir)/../lalframe/lib:$(abs_top_srcdir)/../lalframe/test
configure:4242: LALFRAME_OCTAVE_PATH=/home/omkar/miniconda3/envs/lalsuite-dev/src/lalsuite/lal/octave:/home/omkar/miniconda3/envs/lalsuite-dev/src/lalsuite/lalframe/octave
configure:4283: LALFRAME_PYTHON_PATH=/home/omkar/miniconda3/envs/lalsuite-dev/src/lalsuite/lal/python:/home/omkar/miniconda3/envs/lalsuite-dev/src/lalsuite/lalframe/python
configure:4417: LALMETAIO_DATA_PATH=$(abs_top_srcdir)/../lal/lib:$(abs_top_srcdir)/../lal/test:$(abs_top_srcdir)/../lalmetaio/lib:$(abs_top_srcdir)/../lalmetaio/test
configure:4458: LALMETAIO_OCTAVE_PATH=/home/omkar/miniconda3/envs/lalsuite-dev/src/lalsuite/lal/octave:/home/omkar/miniconda3/envs/lalsuite-dev/src/lalsuite/lalmetaio/octave
configure:4499: LALMETAIO_PYTHON_PATH=/home/omkar/miniconda3/envs/lalsuite-dev/src/lalsuite/lal/python:/home/omkar/miniconda3/envs/lalsuite-dev/src/lalsuite/lalmetaio/python
configure:4633: LALSIMULATION_DATA_PATH=$(abs_top_srcdir)/../lal/lib:$(abs_top_srcdir)/../lal/test:$(abs_top_srcdir)/../lalsimulation/lib:$(abs_top_srcdir)/../lalsimulation/test
configure:4674: LALSIMULATION_OCTAVE_PATH=/home/omkar/miniconda3/envs/lalsuite-dev/src/lalsuite/lal/octave:/home/omkar/miniconda3/envs/lalsuite-dev/src/lalsuite/lalsimulation/octave
configure:4715: LALSIMULATION_PYTHON_PATH=/home/omkar/miniconda3/envs/lalsuite-dev/src/lalsuite/lal/python:/home/omkar/miniconda3/envs/lalsuite-dev/src/lalsuite/lalsimulation/python
configure:4911: LALBURST_DATA_PATH=$(abs_top_srcdir)/../lal/lib:$(abs_top_srcdir)/../lal/test:$(abs_top_srcdir)/../lalburst/lib:$(abs_top_srcdir)/../lalburst/test
configure:4950: LALBURST_DATA_PATH=$(abs_top_srcdir)/../lal/lib:$(abs_top_srcdir)/../lal/test:$(abs_top_srcdir)/../lalmetaio/lib:$(abs_top_srcdir)/../lalmetaio/test:$(abs_top_srcdir)/../lalburst/lib:$(abs_top_srcdir)/../lalburst/test
configure:4989: LALBURST_DATA_PATH=$(abs_top_srcdir)/../lal/lib:$(abs_top_srcdir)/../lal/test:$(abs_top_srcdir)/../lalsimulation/lib:$(abs_top_srcdir)/../lalsimulation/test:$(abs_top_srcdir)/../lalmetaio/lib:$(abs_top_srcdir)/../lalmetaio/test:$(abs_top_srcdir)/../lalburst/lib:$(abs_top_srcdir)/../lalburst/test
configure:5030: LALBURST_OCTAVE_PATH=/home/omkar/miniconda3/envs/lalsuite-dev/src/lalsuite/lal/octave:/home/omkar/miniconda3/envs/lalsuite-dev/src/lalsuite/lalburst/octave
configure:5069: LALBURST_OCTAVE_PATH=/home/omkar/miniconda3/envs/lalsuite-dev/src/lalsuite/lal/octave:/home/omkar/miniconda3/envs/lalsuite-dev/src/lalsuite/lalmetaio/octave:/home/omkar/miniconda3/envs/lalsuite-dev/src/lalsuite/lalburst/octave
configure:5108: LALBURST_OCTAVE_PATH=/home/omkar/miniconda3/envs/lalsuite-dev/src/lalsuite/lal/octave:/home/omkar/miniconda3/envs/lalsuite-dev/src/lalsuite/lalsimulation/octave:/home/omkar/miniconda3/envs/lalsuite-dev/src/lalsuite/lalmetaio/octave:/home/omkar/miniconda3/envs/lalsuite-dev/src/lalsuite/lalburst/octave
configure:5149: LALBURST_PYTHON_PATH=/home/omkar/miniconda3/envs/lalsuite-dev/src/lalsuite/lal/python:/home/omkar/miniconda3/envs/lalsuite-dev/src/lalsuite/lalburst/python
configure:5188: LALBURST_PYTHON_PATH=/home/omkar/miniconda3/envs/lalsuite-dev/src/lalsuite/lal/python:/home/omkar/miniconda3/envs/lalsuite-dev/src/lalsuite/lalmetaio/python:/home/omkar/miniconda3/envs/lalsuite-dev/src/lalsuite/lalburst/python
configure:5227: LALBURST_PYTHON_PATH=/home/omkar/miniconda3/envs/lalsuite-dev/src/lalsuite/lal/python:/home/omkar/miniconda3/envs/lalsuite-dev/src/lalsuite/lalsimulation/python:/home/omkar/miniconda3/envs/lalsuite-dev/src/lalsuite/lalmetaio/python:/home/omkar/miniconda3/envs/lalsuite-dev/src/lalsuite/lalburst/python
configure:5485: LALINSPIRAL_DATA_PATH=$(abs_top_srcdir)/../lal/lib:$(abs_top_srcdir)/../lal/test:$(abs_top_srcdir)/../lalinspiral/lib:$(abs_top_srcdir)/../lalinspiral/test
configure:5524: LALINSPIRAL_DATA_PATH=$(abs_top_srcdir)/../lal/lib:$(abs_top_srcdir)/../lal/test:$(abs_top_srcdir)/../lalframe/lib:$(abs_top_srcdir)/../lalframe/test:$(abs_top_srcdir)/../lalinspiral/lib:$(abs_top_srcdir)/../lalinspiral/test
configure:5563: LALINSPIRAL_DATA_PATH=$(abs_top_srcdir)/../lal/lib:$(abs_top_srcdir)/../lal/test:$(abs_top_srcdir)/../lalmetaio/lib:$(abs_top_srcdir)/../lalmetaio/test:$(abs_top_srcdir)/../lalframe/lib:$(abs_top_srcdir)/../lalframe/test:$(abs_top_srcdir)/../lalinspiral/lib:$(abs_top_srcdir)/../lalinspiral/test
configure:5602: LALINSPIRAL_DATA_PATH=$(abs_top_srcdir)/../lal/lib:$(abs_top_srcdir)/../lal/test:$(abs_top_srcdir)/../lalsimulation/lib:$(abs_top_srcdir)/../lalsimulation/test:$(abs_top_srcdir)/../lalmetaio/lib:$(abs_top_srcdir)/../lalmetaio/test:$(abs_top_srcdir)/../lalframe/lib:$(abs_top_srcdir)/../lalframe/test:$(abs_top_srcdir)/../lalinspiral/lib:$(abs_top_srcdir)/../lalinspiral/test
configure:5641: LALINSPIRAL_DATA_PATH=$(abs_top_srcdir)/../lal/lib:$(abs_top_srcdir)/../lal/test:$(abs_top_srcdir)/../lalsimulation/lib:$(abs_top_srcdir)/../lalsimulation/test:$(abs_top_srcdir)/../lalmetaio/lib:$(abs_top_srcdir)/../lalmetaio/test:$(abs_top_srcdir)/../lalburst/lib:$(abs_top_srcdir)/../lalburst/test:$(abs_top_srcdir)/../lalframe/lib:$(abs_top_srcdir)/../lalframe/test:$(abs_top_srcdir)/../lalinspiral/lib:$(abs_top_srcdir)/../lalinspiral/test
configure:5682: LALINSPIRAL_OCTAVE_PATH=/home/omkar/miniconda3/envs/lalsuite-dev/src/lalsuite/lal/octave:/home/omkar/miniconda3/envs/lalsuite-dev/src/lalsuite/lalinspiral/octave
configure:5721: LALINSPIRAL_OCTAVE_PATH=/home/omkar/miniconda3/envs/lalsuite-dev/src/lalsuite/lal/octave:/home/omkar/miniconda3/envs/lalsuite-dev/src/lalsuite/lalframe/octave:/home/omkar/miniconda3/envs/lalsuite-dev/src/lalsuite/lalinspiral/octave
configure:5760: LALINSPIRAL_OCTAVE_PATH=/home/omkar/miniconda3/envs/lalsuite-dev/src/lalsuite/lal/octave:/home/omkar/miniconda3/envs/lalsuite-dev/src/lalsuite/lalmetaio/octave:/home/omkar/miniconda3/envs/lalsuite-dev/src/lalsuite/lalframe/octave:/home/omkar/miniconda3/envs/lalsuite-dev/src/lalsuite/lalinspiral/octave
configure:5799: LALINSPIRAL_OCTAVE_PATH=/home/omkar/miniconda3/envs/lalsuite-dev/src/lalsuite/lal/octave:/home/omkar/miniconda3/envs/lalsuite-dev/src/lalsuite/lalsimulation/octave:/home/omkar/miniconda3/envs/lalsuite-dev/src/lalsuite/lalmetaio/octave:/home/omkar/miniconda3/envs/lalsuite-dev/src/lalsuite/lalframe/octave:/home/omkar/miniconda3/envs/lalsuite-dev/src/lalsuite/lalinspiral/octave
configure:5838: LALINSPIRAL_OCTAVE_PATH=/home/omkar/miniconda3/envs/lalsuite-dev/src/lalsuite/lal/octave:/home/omkar/miniconda3/envs/lalsuite-dev/src/lalsuite/lalsimulation/octave:/home/omkar/miniconda3/envs/lalsuite-dev/src/lalsuite/lalmetaio/octave:/home/omkar/miniconda3/envs/lalsuite-dev/src/lalsuite/lalburst/octave:/home/omkar/miniconda3/envs/lalsuite-dev/src/lalsuite/lalframe/octave:/home/omkar/miniconda3/envs/lalsuite-dev/src/lalsuite/lalinspiral/octave
configure:5879: LALINSPIRAL_PYTHON_PATH=/home/omkar/miniconda3/envs/lalsuite-dev/src/lalsuite/lal/python:/home/omkar/miniconda3/envs/lalsuite-dev/src/lalsuite/lalinspiral/python
configure:5918: LALINSPIRAL_PYTHON_PATH=/home/omkar/miniconda3/envs/lalsuite-dev/src/lalsuite/lal/python:/home/omkar/miniconda3/envs/lalsuite-dev/src/lalsuite/lalframe/python:/home/omkar/miniconda3/envs/lalsuite-dev/src/lalsuite/lalinspiral/python
configure:5957: LALINSPIRAL_PYTHON_PATH=/home/omkar/miniconda3/envs/lalsuite-dev/src/lalsuite/lal/python:/home/omkar/miniconda3/envs/lalsuite-dev/src/lalsuite/lalmetaio/python:/home/omkar/miniconda3/envs/lalsuite-dev/src/lalsuite/lalframe/python:/home/omkar/miniconda3/envs/lalsuite-dev/src/lalsuite/lalinspiral/python
configure:5996: LALINSPIRAL_PYTHON_PATH=/home/omkar/miniconda3/envs/lalsuite-dev/src/lalsuite/lal/python:/home/omkar/miniconda3/envs/lalsuite-dev/src/lalsuite/lalsimulation/python:/home/omkar/miniconda3/envs/lalsuite-dev/src/lalsuite/lalmetaio/python:/home/omkar/miniconda3/envs/lalsuite-dev/src/lalsuite/lalframe/python:/home/omkar/miniconda3/envs/lalsuite-dev/src/lalsuite/lalinspiral/python
configure:6035: LALINSPIRAL_PYTHON_PATH=/home/omkar/miniconda3/envs/lalsuite-dev/src/lalsuite/lal/python:/home/omkar/miniconda3/envs/lalsuite-dev/src/lalsuite/lalsimulation/python:/home/omkar/miniconda3/envs/lalsuite-dev/src/lalsuite/lalmetaio/python:/home/omkar/miniconda3/envs/lalsuite-dev/src/lalsuite/lalburst/python:/home/omkar/miniconda3/envs/lalsuite-dev/src/lalsuite/lalframe/python:/home/omkar/miniconda3/envs/lalsuite-dev/src/lalsuite/lalinspiral/python
configure:6324: LALINFERENCE_DATA_PATH=$(abs_top_srcdir)/../lal/lib:$(abs_top_srcdir)/../lal/test:$(abs_top_srcdir)/../lalinference/lib:$(abs_top_srcdir)/../lalinference/test
configure:6363: LALINFERENCE_DATA_PATH=$(abs_top_srcdir)/../lal/lib:$(abs_top_srcdir)/../lal/test:$(abs_top_srcdir)/../lalframe/lib:$(abs_top_srcdir)/../lalframe/test:$(abs_top_srcdir)/../lalinference/lib:$(abs_top_srcdir)/../lalinference/test
configure:6402: LALINFERENCE_DATA_PATH=$(abs_top_srcdir)/../lal/lib:$(abs_top_srcdir)/../lal/test:$(abs_top_srcdir)/../lalmetaio/lib:$(abs_top_srcdir)/../lalmetaio/test:$(abs_top_srcdir)/../lalframe/lib:$(abs_top_srcdir)/../lalframe/test:$(abs_top_srcdir)/../lalinference/lib:$(abs_top_srcdir)/../lalinference/test
configure:6441: LALINFERENCE_DATA_PATH=$(abs_top_srcdir)/../lal/lib:$(abs_top_srcdir)/../lal/test:$(abs_top_srcdir)/../lalsimulation/lib:$(abs_top_srcdir)/../lalsimulation/test:$(abs_top_srcdir)/../lalmetaio/lib:$(abs_top_srcdir)/../lalmetaio/test:$(abs_top_srcdir)/../lalframe/lib:$(abs_top_srcdir)/../lalframe/test:$(abs_top_srcdir)/../lalinference/lib:$(abs_top_srcdir)/../lalinference/test
configure:6480: LALINFERENCE_DATA_PATH=$(abs_top_srcdir)/../lal/lib:$(abs_top_srcdir)/../lal/test:$(abs_top_srcdir)/../lalsimulation/lib:$(abs_top_srcdir)/../lalsimulation/test:$(abs_top_srcdir)/../lalmetaio/lib:$(abs_top_srcdir)/../lalmetaio/test:$(abs_top_srcdir)/../lalburst/lib:$(abs_top_srcdir)/../lalburst/test:$(abs_top_srcdir)/../lalframe/lib:$(abs_top_srcdir)/../lalframe/test:$(abs_top_srcdir)/../lalinference/lib:$(abs_top_srcdir)/../lalinference/test
configure:6519: LALINFERENCE_DATA_PATH=$(abs_top_srcdir)/../lal/lib:$(abs_top_srcdir)/../lal/test:$(abs_top_srcdir)/../lalsimulation/lib:$(abs_top_srcdir)/../lalsimulation/test:$(abs_top_srcdir)/../lalmetaio/lib:$(abs_top_srcdir)/../lalmetaio/test:$(abs_top_srcdir)/../lalburst/lib:$(abs_top_srcdir)/../lalburst/test:$(abs_top_srcdir)/../lalframe/lib:$(abs_top_srcdir)/../lalframe/test:$(abs_top_srcdir)/../lalinspiral/lib:$(abs_top_srcdir)/../lalinspiral/test:$(abs_top_srcdir)/../lalinference/lib:$(abs_top_srcdir)/../lalinference/test
configure:6560: LALINFERENCE_OCTAVE_PATH=/home/omkar/miniconda3/envs/lalsuite-dev/src/lalsuite/lal/octave:/home/omkar/miniconda3/envs/lalsuite-dev/src/lalsuite/lalinference/octave
configure:6599: LALINFERENCE_OCTAVE_PATH=/home/omkar/miniconda3/envs/lalsuite-dev/src/lalsuite/lal/octave:/home/omkar/miniconda3/envs/lalsuite-dev/src/lalsuite/lalframe/octave:/home/omkar/miniconda3/envs/lalsuite-dev/src/lalsuite/lalinference/octave
configure:6638: LALINFERENCE_OCTAVE_PATH=/home/omkar/miniconda3/envs/lalsuite-dev/src/lalsuite/lal/octave:/home/omkar/miniconda3/envs/lalsuite-dev/src/lalsuite/lalmetaio/octave:/home/omkar/miniconda3/envs/lalsuite-dev/src/lalsuite/lalframe/octave:/home/omkar/miniconda3/envs/lalsuite-dev/src/lalsuite/lalinference/octave
configure:6677: LALINFERENCE_OCTAVE_PATH=/home/omkar/miniconda3/envs/lalsuite-dev/src/lalsuite/lal/octave:/home/omkar/miniconda3/envs/lalsuite-dev/src/lalsuite/lalsimulation/octave:/home/omkar/miniconda3/envs/lalsuite-dev/src/lalsuite/lalmetaio/octave:/home/omkar/miniconda3/envs/lalsuite-dev/src/lalsuite/lalframe/octave:/home/omkar/miniconda3/envs/lalsuite-dev/src/lalsuite/lalinference/octave
configure:6716: LALINFERENCE_OCTAVE_PATH=/home/omkar/miniconda3/envs/lalsuite-dev/src/lalsuite/lal/octave:/home/omkar/miniconda3/envs/lalsuite-dev/src/lalsuite/lalsimulation/octave:/home/omkar/miniconda3/envs/lalsuite-dev/src/lalsuite/lalmetaio/octave:/home/omkar/miniconda3/envs/lalsuite-dev/src/lalsuite/lalburst/octave:/home/omkar/miniconda3/envs/lalsuite-dev/src/lalsuite/lalframe/octave:/home/omkar/miniconda3/envs/lalsuite-dev/src/lalsuite/lalinference/octave
configure:6755: LALINFERENCE_OCTAVE_PATH=/home/omkar/miniconda3/envs/lalsuite-dev/src/lalsuite/lal/octave:/home/omkar/miniconda3/envs/lalsuite-dev/src/lalsuite/lalsimulation/octave:/home/omkar/miniconda3/envs/lalsuite-dev/src/lalsuite/lalmetaio/octave:/home/omkar/miniconda3/envs/lalsuite-dev/src/lalsuite/lalburst/octave:/home/omkar/miniconda3/envs/lalsuite-dev/src/lalsuite/lalframe/octave:/home/omkar/miniconda3/envs/lalsuite-dev/src/lalsuite/lalinspiral/octave:/home/omkar/miniconda3/envs/lalsuite-dev/src/lalsuite/lalinference/octave
configure:6796: LALINFERENCE_PYTHON_PATH=/home/omkar/miniconda3/envs/lalsuite-dev/src/lalsuite/lal/python:/home/omkar/miniconda3/envs/lalsuite-dev/src/lalsuite/lalinference/python
configure:6835: LALINFERENCE_PYTHON_PATH=/home/omkar/miniconda3/envs/lalsuite-dev/src/lalsuite/lal/python:/home/omkar/miniconda3/envs/lalsuite-dev/src/lalsuite/lalframe/python:/home/omkar/miniconda3/envs/lalsuite-dev/src/lalsuite/lalinference/python
configure:6874: LALINFERENCE_PYTHON_PATH=/home/omkar/miniconda3/envs/lalsuite-dev/src/lalsuite/lal/python:/home/omkar/miniconda3/envs/lalsuite-dev/src/lalsuite/lalmetaio/python:/home/omkar/miniconda3/envs/lalsuite-dev/src/lalsuite/lalframe/python:/home/omkar/miniconda3/envs/lalsuite-dev/src/lalsuite/lalinference/python
configure:6913: LALINFERENCE_PYTHON_PATH=/home/omkar/miniconda3/envs/lalsuite-dev/src/lalsuite/lal/python:/home/omkar/miniconda3/envs/lalsuite-dev/src/lalsuite/lalsimulation/python:/home/omkar/miniconda3/envs/lalsuite-dev/src/lalsuite/lalmetaio/python:/home/omkar/miniconda3/envs/lalsuite-dev/src/lalsuite/lalframe/python:/home/omkar/miniconda3/envs/lalsuite-dev/src/lalsuite/lalinference/python
configure:6952: LALINFERENCE_PYTHON_PATH=/home/omkar/miniconda3/envs/lalsuite-dev/src/lalsuite/lal/python:/home/omkar/miniconda3/envs/lalsuite-dev/src/lalsuite/lalsimulation/python:/home/omkar/miniconda3/envs/lalsuite-dev/src/lalsuite/lalmetaio/python:/home/omkar/miniconda3/envs/lalsuite-dev/src/lalsuite/lalburst/python:/home/omkar/miniconda3/envs/lalsuite-dev/src/lalsuite/lalframe/python:/home/omkar/miniconda3/envs/lalsuite-dev/src/lalsuite/lalinference/python
configure:6991: LALINFERENCE_PYTHON_PATH=/home/omkar/miniconda3/envs/lalsuite-dev/src/lalsuite/lal/python:/home/omkar/miniconda3/envs/lalsuite-dev/src/lalsuite/lalsimulation/python:/home/omkar/miniconda3/envs/lalsuite-dev/src/lalsuite/lalmetaio/python:/home/omkar/miniconda3/envs/lalsuite-dev/src/lalsuite/lalburst/python:/home/omkar/miniconda3/envs/lalsuite-dev/src/lalsuite/lalframe/python:/home/omkar/miniconda3/envs/lalsuite-dev/src/lalsuite/lalinspiral/python:/home/omkar/miniconda3/envs/lalsuite-dev/src/lalsuite/lalinference/python
configure:7218: LALPULSAR_DATA_PATH=$(abs_top_srcdir)/../lal/lib:$(abs_top_srcdir)/../lal/test:$(abs_top_srcdir)/../lalpulsar/lib:$(abs_top_srcdir)/../lalpulsar/test
configure:7257: LALPULSAR_DATA_PATH=$(abs_top_srcdir)/../lal/lib:$(abs_top_srcdir)/../lal/test:$(abs_top_srcdir)/../lalframe/lib:$(abs_top_srcdir)/../lalframe/test:$(abs_top_srcdir)/../lalpulsar/lib:$(abs_top_srcdir)/../lalpulsar/test
configure:7296: LALPULSAR_DATA_PATH=$(abs_top_srcdir)/../lal/lib:$(abs_top_srcdir)/../lal/test:$(abs_top_srcdir)/../lalsimulation/lib:$(abs_top_srcdir)/../lalsimulation/test:$(abs_top_srcdir)/../lalframe/lib:$(abs_top_srcdir)/../lalframe/test:$(abs_top_srcdir)/../lalpulsar/lib:$(abs_top_srcdir)/../lalpulsar/test
configure:7335: LALPULSAR_DATA_PATH=$(abs_top_srcdir)/../lal/lib:$(abs_top_srcdir)/../lal/test:$(abs_top_srcdir)/../lalsimulation/lib:$(abs_top_srcdir)/../lalsimulation/test:$(abs_top_srcdir)/../lalmetaio/lib:$(abs_top_srcdir)/../lalmetaio/test:$(abs_top_srcdir)/../lalburst/lib:$(abs_top_srcdir)/../lalburst/test:$(abs_top_srcdir)/../lalframe/lib:$(abs_top_srcdir)/../lalframe/test:$(abs_top_srcdir)/../lalinspiral/lib:$(abs_top_srcdir)/../lalinspiral/test:$(abs_top_srcdir)/../lalinference/lib:$(abs_top_srcdir)/../lalinference/test:$(abs_top_srcdir)/../lalpulsar/lib:$(abs_top_srcdir)/../lalpulsar/test
configure:7376: LALPULSAR_OCTAVE_PATH=/home/omkar/miniconda3/envs/lalsuite-dev/src/lalsuite/lal/octave:/home/omkar/miniconda3/envs/lalsuite-dev/src/lalsuite/lalpulsar/octave
configure:7415: LALPULSAR_OCTAVE_PATH=/home/omkar/miniconda3/envs/lalsuite-dev/src/lalsuite/lal/octave:/home/omkar/miniconda3/envs/lalsuite-dev/src/lalsuite/lalframe/octave:/home/omkar/miniconda3/envs/lalsuite-dev/src/lalsuite/lalpulsar/octave
configure:7454: LALPULSAR_OCTAVE_PATH=/home/omkar/miniconda3/envs/lalsuite-dev/src/lalsuite/lal/octave:/home/omkar/miniconda3/envs/lalsuite-dev/src/lalsuite/lalsimulation/octave:/home/omkar/miniconda3/envs/lalsuite-dev/src/lalsuite/lalframe/octave:/home/omkar/miniconda3/envs/lalsuite-dev/src/lalsuite/lalpulsar/octave
configure:7493: LALPULSAR_OCTAVE_PATH=/home/omkar/miniconda3/envs/lalsuite-dev/src/lalsuite/lal/octave:/home/omkar/miniconda3/envs/lalsuite-dev/src/lalsuite/lalsimulation/octave:/home/omkar/miniconda3/envs/lalsuite-dev/src/lalsuite/lalmetaio/octave:/home/omkar/miniconda3/envs/lalsuite-dev/src/lalsuite/lalburst/octave:/home/omkar/miniconda3/envs/lalsuite-dev/src/lalsuite/lalframe/octave:/home/omkar/miniconda3/envs/lalsuite-dev/src/lalsuite/lalinspiral/octave:/home/omkar/miniconda3/envs/lalsuite-dev/src/lalsuite/lalinference/octave:/home/omkar/miniconda3/envs/lalsuite-dev/src/lalsuite/lalpulsar/octave
configure:7534: LALPULSAR_PYTHON_PATH=/home/omkar/miniconda3/envs/lalsuite-dev/src/lalsuite/lal/python:/home/omkar/miniconda3/envs/lalsuite-dev/src/lalsuite/lalpulsar/python
configure:7573: LALPULSAR_PYTHON_PATH=/home/omkar/miniconda3/envs/lalsuite-dev/src/lalsuite/lal/python:/home/omkar/miniconda3/envs/lalsuite-dev/src/lalsuite/lalframe/python:/home/omkar/miniconda3/envs/lalsuite-dev/src/lalsuite/lalpulsar/python
configure:7612: LALPULSAR_PYTHON_PATH=/home/omkar/miniconda3/envs/lalsuite-dev/src/lalsuite/lal/python:/home/omkar/miniconda3/envs/lalsuite-dev/src/lalsuite/lalsimulation/python:/home/omkar/miniconda3/envs/lalsuite-dev/src/lalsuite/lalframe/python:/home/omkar/miniconda3/envs/lalsuite-dev/src/lalsuite/lalpulsar/python
configure:7651: LALPULSAR_PYTHON_PATH=/home/omkar/miniconda3/envs/lalsuite-dev/src/lalsuite/lal/python:/home/omkar/miniconda3/envs/lalsuite-dev/src/lalsuite/lalsimulation/python:/home/omkar/miniconda3/envs/lalsuite-dev/src/lalsuite/lalmetaio/python:/home/omkar/miniconda3/envs/lalsuite-dev/src/lalsuite/lalburst/python:/home/omkar/miniconda3/envs/lalsuite-dev/src/lalsuite/lalframe/python:/home/omkar/miniconda3/envs/lalsuite-dev/src/lalsuite/lalinspiral/python:/home/omkar/miniconda3/envs/lalsuite-dev/src/lalsuite/lalinference/python:/home/omkar/miniconda3/envs/lalsuite-dev/src/lalsuite/lalpulsar/python
configure:7885: added DOXYGEN_ENABLED=false to TESTS_ENV_CONFIG_VARS
configure:7896: module DOXYGEN is DISABLED
configure:8609: checking that generated files are newer than configure
configure:8615: result: done
configure:8651: creating ./config.status

## ---------------------- ##
## Running config.status. ##
## ---------------------- ##

This file was extended by LALSuite config.status 7.26.2, which was
generated by GNU Autoconf 2.72.  Invocation command line was

  CONFIG_FILES    = 
  CONFIG_HEADERS  = 
  CONFIG_LINKS    = 
  CONFIG_COMMANDS = 
  $ ./config.status 

on omkar-IdeaPad-5-15ITL05-Ua

config.status:809: creating Makefile
config.status:809: creating doxygen/Makefile
config.status:809: creating wheel/Makefile
config.status:809: creating wheel/setup.py
configure:9746: === configuring in lal (/home/omkar/miniconda3/envs/lalsuite-dev/src/lalsuite/lal)
configure:9807: running /bin/bash ./configure --disable-option-checking '--prefix=/home/omkar/miniconda3/envs/lalsuite-dev/src/lalsuite/_inst'  '--enable-swig-python' '--disable-laldetchar' '--enable-mpi=yes' '--enable-hdf5' 'build_alias=x86_64-conda-linux-gnu' 'host_alias=x86_64-conda-linux-gnu' --cache-file=/dev/null --srcdir=.
configure:9746: === configuring in lalframe (/home/omkar/miniconda3/envs/lalsuite-dev/src/lalsuite/lalframe)
configure:9807: running /bin/bash ./configure --disable-option-checking '--prefix=/home/omkar/miniconda3/envs/lalsuite-dev/src/lalsuite/_inst'  '--enable-swig-python' '--disable-laldetchar' '--enable-mpi=yes' '--enable-hdf5' 'build_alias=x86_64-conda-linux-gnu' 'host_alias=x86_64-conda-linux-gnu' --cache-file=/dev/null --srcdir=.
configure:9746: === configuring in lalmetaio (/home/omkar/miniconda3/envs/lalsuite-dev/src/lalsuite/lalmetaio)
configure:9807: running /bin/bash ./configure --disable-option-checking '--prefix=/home/omkar/miniconda3/envs/lalsuite-dev/src/lalsuite/_inst'  '--enable-swig-python' '--disable-laldetchar' '--enable-mpi=yes' '--enable-hdf5' 'build_alias=x86_64-conda-linux-gnu' 'host_alias=x86_64-conda-linux-gnu' --cache-file=/dev/null --srcdir=.
configure:9746: === configuring in lalsimulation (/home/omkar/miniconda3/envs/lalsuite-dev/src/lalsuite/lalsimulation)
configure:9807: running /bin/bash ./configure --disable-option-checking '--prefix=/home/omkar/miniconda3/envs/lalsuite-dev/src/lalsuite/_inst'  '--enable-swig-python' '--disable-laldetchar' '--enable-mpi=yes' '--enable-hdf5' 'build_alias=x86_64-conda-linux-gnu' 'host_alias=x86_64-conda-linux-gnu' --cache-file=/dev/null --srcdir=.
configure:9746: === configuring in lalburst (/home/omkar/miniconda3/envs/lalsuite-dev/src/lalsuite/lalburst)
configure:9807: running /bin/bash ./configure --disable-option-checking '--prefix=/home/omkar/miniconda3/envs/lalsuite-dev/src/lalsuite/_inst'  '--enable-swig-python' '--disable-laldetchar' '--enable-mpi=yes' '--enable-hdf5' 'build_alias=x86_64-conda-linux-gnu' 'host_alias=x86_64-conda-linux-gnu' --cache-file=/dev/null --srcdir=.
configure:9746: === configuring in lalinspiral (/home/omkar/miniconda3/envs/lalsuite-dev/src/lalsuite/lalinspiral)
configure:9807: running /bin/bash ./configure --disable-option-checking '--prefix=/home/omkar/miniconda3/envs/lalsuite-dev/src/lalsuite/_inst'  '--enable-swig-python' '--disable-laldetchar' '--enable-mpi=yes' '--enable-hdf5' 'build_alias=x86_64-conda-linux-gnu' 'host_alias=x86_64-conda-linux-gnu' --cache-file=/dev/null --srcdir=.
configure:9746: === configuring in lalinference (/home/omkar/miniconda3/envs/lalsuite-dev/src/lalsuite/lalinference)
configure:9807: running /bin/bash ./configure --disable-option-checking '--prefix=/home/omkar/miniconda3/envs/lalsuite-dev/src/lalsuite/_inst'  '--enable-swig-python' '--disable-laldetchar' '--enable-mpi=yes' '--enable-hdf5' 'build_alias=x86_64-conda-linux-gnu' 'host_alias=x86_64-conda-linux-gnu' --cache-file=/dev/null --srcdir=.
configure:9746: === configuring in lalpulsar (/home/omkar/miniconda3/envs/lalsuite-dev/src/lalsuite/lalpulsar)
configure:9807: running /bin/bash ./configure --disable-option-checking '--prefix=/home/omkar/miniconda3/envs/lalsuite-dev/src/lalsuite/_inst'  '--enable-swig-python' '--disable-laldetchar' '--enable-mpi=yes' '--enable-hdf5' 'build_alias=x86_64-conda-linux-gnu' 'host_alias=x86_64-conda-linux-gnu' --cache-file=/dev/null --srcdir=.
configure:9746: === configuring in lalapps (/home/omkar/miniconda3/envs/lalsuite-dev/src/lalsuite/lalapps)
configure:9807: running /bin/bash ./configure --disable-option-checking '--prefix=/home/omkar/miniconda3/envs/lalsuite-dev/src/lalsuite/_inst'  '--enable-swig-python' '--disable-laldetchar' '--enable-mpi=yes' '--enable-hdf5' 'build_alias=x86_64-conda-linux-gnu' 'host_alias=x86_64-conda-linux-gnu' --cache-file=/dev/null --srcdir=.
configure:9824:
==================================================
LALSuite has now been successfully configured:

* LALFrame library support is ENABLED
* LALMetaIO library support is ENABLED
* LALSimulation library support is ENABLED
* LALBurst library support is ENABLED
* LALInspiral library support is ENABLED
* LALInference library support is ENABLED
* LALPulsar library support is ENABLED
* LALApps library support is ENABLED
* Doxygen documentation is DISABLED

and will be installed under the directory:

/home/omkar/miniconda3/envs/lalsuite-dev/src/lalsuite/_inst

Now run 'make' to build LALSuite,
and run 'make install' to install LALSuite.
==================================================


## ---------------- ##
## Cache variables. ##
## ---------------- ##

ac_cv_env_POSTCONFIG_CFLAGS_set=
ac_cv_env_POSTCONFIG_CFLAGS_value=
ac_cv_env_POSTCONFIG_CPPFLAGS_set=
ac_cv_env_POSTCONFIG_CPPFLAGS_value=
ac_cv_env_POSTCONFIG_CXXFLAGS_set=
ac_cv_env_POSTCONFIG_CXXFLAGS_value=
ac_cv_env_POSTCONFIG_FCFLAGS_set=
ac_cv_env_POSTCONFIG_FCFLAGS_value=
ac_cv_env_POSTCONFIG_FFLAGS_set=
ac_cv_env_POSTCONFIG_FFLAGS_value=
ac_cv_env_POSTCONFIG_LDFLAGS_set=
ac_cv_env_POSTCONFIG_LDFLAGS_value=
ac_cv_env_PYTHON_set=
ac_cv_env_PYTHON_value=
ac_cv_env_build_alias_set=set
ac_cv_env_build_alias_value=x86_64-conda-linux-gnu
ac_cv_env_host_alias_set=set
ac_cv_env_host_alias_value=x86_64-conda-linux-gnu
ac_cv_env_target_alias_set=
ac_cv_env_target_alias_value=
ac_cv_path_GIT=/usr/bin/git
ac_cv_path_PYTHON=/home/omkar/miniconda3/envs/lalsuite-dev/bin/python
ac_cv_path_SED=/usr/bin/sed
ac_cv_path_install='/usr/bin/install -c'
ac_cv_path_mkdir=/usr/bin/mkdir
ac_cv_prog_AWK=mawk
ac_cv_prog_make_make_set=yes
am_cv_filesystem_timestamp_resolution=0.01
am_cv_make_support_nested_variables=yes
am_cv_pathless_PYTHON=python
am_cv_prog_tar_pax=gnutar
am_cv_python_platform=linux
am_cv_python_pyexecdir='${PYTHON_EXEC_PREFIX}/lib/python3.13/site-packages'
am_cv_python_pythondir='${PYTHON_PREFIX}/lib/python3.13/site-packages'
am_cv_python_version=3.13
am_cv_sleep_fractional_seconds=yes
am_cv_xargs_n_works=yes

## ----------------- ##
## Output variables. ##
## ----------------- ##

ACLOCAL='${SHELL} '\''/home/omkar/miniconda3/envs/lalsuite-dev/src/lalsuite/gnuscripts/missing'\'' aclocal-1.17'
AMTAR='$${TAR-tar}'
AM_BACKSLASH='\'
AM_CFLAGS=' '
AM_CPPFLAGS=' '
AM_CXXFLAGS=' '
AM_DEFAULT_V='$(AM_DEFAULT_VERBOSITY)'
AM_DEFAULT_VERBOSITY='0'
AM_FCFLAGS=' '
AM_FFLAGS=' '
AM_LDFLAGS=' '
AM_V='$(V)'
AUTOCONF='${SHELL} '\''/home/omkar/miniconda3/envs/lalsuite-dev/src/lalsuite/gnuscripts/missing'\'' autoconf'
AUTOHEADER='${SHELL} '\''/home/omkar/miniconda3/envs/lalsuite-dev/src/lalsuite/gnuscripts/missing'\'' autoheader'
AUTOMAKE='${SHELL} '\''/home/omkar/miniconda3/envs/lalsuite-dev/src/lalsuite/gnuscripts/missing'\'' automake-1.17'
AWK='mawk'
BASE_VERSION='7.26.2'
BIBTEX=''
CSCOPE='cscope'
CTAGS='ctags'
CYGPATH_W='echo'
DEFS='-DPACKAGE_NAME=\"LALSuite\" -DPACKAGE_TARNAME=\"lalsuite\" -DPACKAGE_VERSION=\"7.26.2\" -DPACKAGE_STRING=\"LALSuite\ 7.26.2\" -DPACKAGE_BUGREPORT=\"lal-discuss@ligo.org\" -DPACKAGE_URL=\"\" -DPACKAGE=\"lalsuite\" -DVERSION=\"7.26.2\"'
DISTCHECK_CONFIGURE_FLAGS=' '\''--enable-swig-python'\'' '\''--disable-laldetchar'\'' '\''--enable-mpi=yes'\'' '\''--enable-hdf5'\'' '\''build_alias=x86_64-conda-linux-gnu'\'' '\''host_alias=x86_64-conda-linux-gnu'\'''
DOXYGEN=''
DOXYGEN_ENABLED_SECTIONS=''
DOXYGEN_FALSE=''
DOXYGEN_INSTALL_DIRMAP=''
DOXYGEN_MATHJAXDIR='https://cdn.mathjax.org/mathjax/latest'
DOXYGEN_NAVIGATION_TABS=''
DOXYGEN_TAGFILES=''
DOXYGEN_TRUE='#'
DOXYGEN_WARNING_REGEX=''
ECHO_C=''
ECHO_N='-n'
ECHO_T=''
ETAGS='etags'
GIT='/usr/bin/git'
HAVE_GIT_REPO_FALSE='#'
HAVE_GIT_REPO_TRUE=''
HAVE_PYTHON_FALSE='#'
HAVE_PYTHON_TRUE=''
INSTALL_DATA='${INSTALL} -m 644'
INSTALL_PROGRAM='${INSTALL}'
INSTALL_SCRIPT='${INSTALL}'
INSTALL_STRIP_PROGRAM='$(install_sh) -c -s'
LALSUITE_DEFAULT_MIN_PYTHON_VERSION='3.6'
LALSUITE_PACKAGES=' LAL LALFrame LALMetaIO LALSimulation LALBurst LALInspiral LALInference LALPulsar LALApps'
LALSUITE_PYTHON_SYS_EXECUTABLE='/home/omkar/miniconda3/envs/lalsuite-dev/bin/python'
LALSUITE_PYTHON_SYS_PREFIX='/home/omkar/miniconda3/envs/lalsuite-dev'
LIBOBJS=''
LIBS=''
LTLIBOBJS=''
MAKEINFO='${SHELL} '\''/home/omkar/miniconda3/envs/lalsuite-dev/src/lalsuite/gnuscripts/missing'\'' makeinfo'
MARKDOWN2HTML=''
MARKDOWN2HTML_DOXYBLOCK=''
MKDIR_P='/usr/bin/mkdir -p'
NIGHTLY_VERSION=''
PACKAGE='lalsuite'
PACKAGE_BUGREPORT='lal-discuss@ligo.org'
PACKAGE_NAME='LALSuite'
PACKAGE_STRING='LALSuite 7.26.2'
PACKAGE_TARNAME='lalsuite'
PACKAGE_URL=''
PACKAGE_VERSION='7.26.2'
PATH_SEPARATOR=':'
PERL=''
POSTCONFIG_CFLAGS=''
POSTCONFIG_CPPFLAGS=''
POSTCONFIG_CXXFLAGS=''
POSTCONFIG_FCFLAGS=''
POSTCONFIG_FFLAGS=''
POSTCONFIG_LDFLAGS=''
PYTHON='/home/omkar/miniconda3/envs/lalsuite-dev/bin/python'
PYTHON_EXEC_PREFIX='${exec_prefix}'
PYTHON_PLATFORM='linux'
PYTHON_PREFIX='${prefix}'
PYTHON_VERSION='3.13'
SED='/usr/bin/sed'
SET_MAKE=''
SHELL='/bin/bash'
STRIP='/home/omkar/miniconda3/envs/lalsuite-dev/bin/x86_64-conda-linux-gnu-strip'
SYSCONFDIR_IS_ETC_FALSE=''
SYSCONFDIR_IS_ETC_TRUE='#'
TESTS_ENV_CONFIG_VARS=' export HAVE_PYTHON; HAVE_PYTHON=true; export DOXYGEN_ENABLED; DOXYGEN_ENABLED=false;'
VERSION='7.26.2'
ac_configure_args=' '\''--enable-swig-python'\'' '\''--disable-laldetchar'\'' '\''--enable-mpi=yes'\'' '\''--enable-hdf5'\'' '\''build_alias=x86_64-conda-linux-gnu'\'' '\''host_alias=x86_64-conda-linux-gnu'\'''
am__isrc=''
am__leading_dot='.'
am__rm_f_notfound=''
am__tar='tar --format=posix -chf - "$$tardir"'
am__untar='tar -xf -'
am__xargs_n='xargs -n'
bindir='${exec_prefix}/bin'
build_alias='x86_64-conda-linux-gnu'
datadir='${datarootdir}'
datarootdir='${prefix}/share'
docdir='${datarootdir}/doc/${PACKAGE_TARNAME}'
dvidir='${docdir}'
exec_prefix='${prefix}'
host_alias='x86_64-conda-linux-gnu'
htmldir='${docdir}'
includedir='${prefix}/include'
infodir='${datarootdir}/info'
install_sh='${SHELL} /home/omkar/miniconda3/envs/lalsuite-dev/src/lalsuite/gnuscripts/install-sh'
lalsuite_package_AUTHORS_deps=' $(top_srcdir)/lal/AUTHORS $(top_srcdir)/lalframe/AUTHORS $(top_srcdir)/lalmetaio/AUTHORS $(top_srcdir)/lalsimulation/AUTHORS $(top_srcdir)/lalburst/AUTHORS $(top_srcdir)/lalinspiral/AUTHORS $(top_srcdir)/lalinference/AUTHORS $(top_srcdir)/lalpulsar/AUTHORS $(top_srcdir)/lalapps/AUTHORS'
lalsuite_package_configure_deps=' $(top_srcdir)/lal/configure.ac $(top_srcdir)/lalframe/configure.ac $(top_srcdir)/lalmetaio/configure.ac $(top_srcdir)/lalsimulation/configure.ac $(top_srcdir)/lalburst/configure.ac $(top_srcdir)/lalinspiral/configure.ac $(top_srcdir)/lalinference/configure.ac $(top_srcdir)/lalpulsar/configure.ac $(top_srcdir)/lalapps/configure.ac'
libdir='${exec_prefix}/lib'
libexecdir='${exec_prefix}/libexec'
localedir='${datarootdir}/locale'
localstatedir='${prefix}/var'
mandir='${datarootdir}/man'
mkdir_p='$(MKDIR_P)'
oldincludedir='/usr/include'
pdfdir='${docdir}'
pkgpyexecdir='${pyexecdir}/lalsuite'
pkgpythondir='${pythondir}/lalsuite'
prefix='/home/omkar/miniconda3/envs/lalsuite-dev/src/lalsuite/_inst'
program_transform_name='s,x,x,'
psdir='${docdir}'
pyexecdir='${PYTHON_EXEC_PREFIX}/lib/python3.13/site-packages'
pythondir='${PYTHON_PREFIX}/lib/python3.13/site-packages'
runstatedir='${localstatedir}/run'
sbindir='${exec_prefix}/sbin'
sharedstatedir='${prefix}/com'
subdirs=' lal lalframe lalmetaio lalsimulation lalburst lalinspiral lalinference lalpulsar lalapps'
sysconfdir='${prefix}/etc'
target_alias=''

## ----------- ##
## confdefs.h. ##
## ----------- ##

/* confdefs.h */
#define PACKAGE_NAME "LALSuite"
#define PACKAGE_TARNAME "lalsuite"
#define PACKAGE_VERSION "7.26.2"
#define PACKAGE_STRING "LALSuite 7.26.2"
#define PACKAGE_BUGREPORT "lal-discuss@ligo.org"
#define PACKAGE_URL ""
#define PACKAGE "lalsuite"
#define VERSION "7.26.2"

configure: exit 0
